// Jest Snapshot v1, https://goo.gl/fbAQLP

exports[`getSlot should has default slot 1`] = `undefined`;
